[debug] [2026-08-19T15:43:31.340Z] ----------------------------------------------------------------------
[debug] [2026-08-19T15:43:31.344Z] Command:       C:\Program Files\nodejs\node.exe C:\Users\ok\AppData\Roaming\npm\node_modules\firebase-tools\lib\bin\firebase.js deploy --only firestore:indexes --project nightmare-9a1a0
[debug] [2026-08-19T15:43:31.344Z] CLI Version:   14.8.0
[debug] [2026-08-19T15:43:31.344Z] Platform:      win32
[debug] [2026-08-19T15:43:31.344Z] Node Version:  v22.14.0
[debug] [2026-08-19T15:43:31.345Z] Time:          Wed Aug 19 2026 18:43:31 GMT+0300 (Eastern European Summer Time)
[debug] [2026-08-19T15:43:31.345Z] ----------------------------------------------------------------------
[debug] 
[debug] [2026-08-19T15:43:31.578Z] > command requires scopes: ["email","openid","https://www.googleapis.com/auth/cloudplatformprojects.readonly","https://www.googleapis.com/auth/firebase","https://www.googleapis.com/auth/cloud-platform"]
[debug] [2026-08-19T15:43:31.579Z] > authorizing via signed-in user (mohamedkhaledkh741@gmail.com)
[debug] [2026-08-19T15:43:31.579Z] [iam] checking project nightmare-9a1a0 for permissions ["datastore.indexes.create","datastore.indexes.delete","datastore.indexes.list","datastore.indexes.update","firebase.projects.get"]
[debug] [2026-08-19T15:43:31.580Z] Checked if tokens are valid: true, expires at: 1787157511221
[debug] [2026-08-19T15:43:31.581Z] Checked if tokens are valid: true, expires at: 1787157511221
[debug] [2026-08-19T15:43:31.582Z] >>> [apiv2][query] POST https://cloudresourcemanager.googleapis.com/v1/projects/nightmare-9a1a0:testIamPermissions [none]
[debug] [2026-08-19T15:43:31.582Z] >>> [apiv2][(partial)header] POST https://cloudresourcemanager.googleapis.com/v1/projects/nightmare-9a1a0:testIamPermissions x-goog-quota-user=projects/nightmare-9a1a0
[debug] [2026-08-19T15:43:31.582Z] >>> [apiv2][body] POST https://cloudresourcemanager.googleapis.com/v1/projects/nightmare-9a1a0:testIamPermissions {"permissions":["datastore.indexes.create","datastore.indexes.delete","datastore.indexes.list","datastore.indexes.update","firebase.projects.get"]}
[debug] [2026-08-19T15:43:32.650Z] <<< [apiv2][status] POST https://cloudresourcemanager.googleapis.com/v1/projects/nightmare-9a1a0:testIamPermissions 200
[debug] [2026-08-19T15:43:32.650Z] <<< [apiv2][body] POST https://cloudresourcemanager.googleapis.com/v1/projects/nightmare-9a1a0:testIamPermissions {"permissions":["datastore.indexes.create","datastore.indexes.delete","datastore.indexes.list","datastore.indexes.update","firebase.projects.get"]}
[info] 
[info] === Deploying to 'nightmare-9a1a0'...
[info] 
[info] i  deploying firestore 
[info] i  firestore: reading indexes from firestore.indexes.json... 
[info] i  cloud.firestore: checking firestore.rules for compilation errors... 
[debug] [2026-08-19T15:43:32.661Z] Checked if tokens are valid: true, expires at: 1787157511221
[debug] [2026-08-19T15:43:32.661Z] Checked if tokens are valid: true, expires at: 1787157511221
[debug] [2026-08-19T15:43:32.662Z] >>> [apiv2][query] POST https://firebaserules.googleapis.com/v1/projects/nightmare-9a1a0:test [none]
[debug] [2026-08-19T15:43:32.662Z] >>> [apiv2][body] POST https://firebaserules.googleapis.com/v1/projects/nightmare-9a1a0:test [omitted]
[debug] [2026-08-19T15:43:33.765Z] <<< [apiv2][status] POST https://firebaserules.googleapis.com/v1/projects/nightmare-9a1a0:test 200
[debug] [2026-08-19T15:43:33.765Z] <<< [apiv2][body] POST https://firebaserules.googleapis.com/v1/projects/nightmare-9a1a0:test {}
[info] +  cloud.firestore: rules file firestore.rules compiled successfully 
[debug] [2026-08-19T15:43:33.767Z] Checked if tokens are valid: true, expires at: 1787157511221
[debug] [2026-08-19T15:43:33.767Z] Checked if tokens are valid: true, expires at: 1787157511221
[debug] [2026-08-19T15:43:33.767Z] >>> [apiv2][query] GET https://firestore.googleapis.com/v1/projects/nightmare-9a1a0/databases/(default) [none]
[debug] [2026-08-19T15:43:34.181Z] <<< [apiv2][status] GET https://firestore.googleapis.com/v1/projects/nightmare-9a1a0/databases/(default) 200
[debug] [2026-08-19T15:43:34.182Z] <<< [apiv2][body] GET https://firestore.googleapis.com/v1/projects/nightmare-9a1a0/databases/(default) {"name":"projects/nightmare-9a1a0/databases/(default)","uid":"98c2c999-b5c4-4380-8ed7-46ca8d6ec60c","createTime":"2026-08-13T13:38:08.482001Z","updateTime":"2026-08-13T13:38:08.482001Z","locationId":"europe-west1","type":"FIRESTORE_NATIVE","concurrencyMode":"PESSIMISTIC","versionRetentionPeriod":"3600s","earliestVersionTime":"2026-08-19T14:43:34.637308Z","appEngineIntegrationMode":"DISABLED","pointInTimeRecoveryEnablement":"POINT_IN_TIME_RECOVERY_DISABLED","deleteProtectionState":"DELETE_PROTECTION_DISABLED","databaseEdition":"STANDARD","freeTier":true,"realtimeUpdatesMode":"REALTIME_UPDATES_MODE_ENABLED","etag":"IPGY/aCErZYDMN3Ix6ypoJYD"}
[info] i  firestore: deploying indexes... 
[debug] [2026-08-19T15:43:34.184Z] Checked if tokens are valid: true, expires at: 1787157511221
[debug] [2026-08-19T15:43:34.184Z] Checked if tokens are valid: true, expires at: 1787157511221
[debug] [2026-08-19T15:43:34.184Z] >>> [apiv2][query] GET https://firestore.googleapis.com/v1/projects/nightmare-9a1a0/databases/(default)/collectionGroups/-/indexes [none]
[debug] [2026-08-19T15:43:34.337Z] <<< [apiv2][status] GET https://firestore.googleapis.com/v1/projects/nightmare-9a1a0/databases/(default)/collectionGroups/-/indexes 200
[debug] [2026-08-19T15:43:34.337Z] <<< [apiv2][body] GET https://firestore.googleapis.com/v1/projects/nightmare-9a1a0/databases/(default)/collectionGroups/-/indexes {"indexes":[{"name":"projects/nightmare-9a1a0/databases/(default)/collectionGroups/posts/indexes/CICAgNiav4AJ","queryScope":"COLLECTION","fields":[{"fieldPath":"status","order":"ASCENDING"},{"fieldPath":"type","order":"ASCENDING"},{"fieldPath":"category","order":"ASCENDING"},{"fieldPath":"createdAt","order":"DESCENDING"},{"fieldPath":"__name__","order":"DESCENDING"}],"state":"READY","density":"SPARSE_ALL"},{"name":"projects/nightmare-9a1a0/databases/(default)/collectionGroups/posts/indexes/CICAgNi47oMJ","queryScope":"COLLECTION","fields":[{"fieldPath":"status","order":"ASCENDING"},{"fieldPath":"category","order":"ASCENDING"},{"fieldPath":"createdAt","order":"DESCENDING"},{"fieldPath":"__name__","order":"DESCENDING"}],"state":"READY","density":"SPARSE_ALL"},{"name":"projects/nightmare-9a1a0/databases/(default)/collectionGroups/posts/indexes/CICAgNiav4AK","queryScope":"COLLECTION","fields":[{"fieldPath":"status","order":"ASCENDING"},{"fieldPath":"commentsCount","order":"DESCENDING"},{"fieldPath":"__name__","order":"DESCENDING"}],"state":"READY","density":"SPARSE_ALL"},{"name":"projects/nightmare-9a1a0/databases/(default)/collectionGroups/notifications/indexes/CICAgJim14AK","queryScope":"COLLECTION","fields":[{"fieldPath":"userId","order":"ASCENDING"},{"fieldPath":"createdAt","order":"DESCENDING"},{"fieldPath":"__name__","order":"DESCENDING"}],"state":"READY","density":"SPARSE_ALL"},{"name":"projects/nightmare-9a1a0/databases/(default)/collectionGroups/user_submissions/indexes/CICAgOjXh4EK","queryScope":"COLLECTION","fields":[{"fieldPath":"status","order":"ASCENDING"},{"fieldPath":"createdAt","order":"ASCENDING"},{"fieldPath":"__name__","order":"ASCENDING"}],"state":"READY","density":"SPARSE_ALL"},{"name":"projects/nightmare-9a1a0/databases/(default)/collectionGroups/posts/indexes/CICAgNiroIEK","queryScope":"COLLECTION","fields":[{"fieldPath":"status","order":"ASCENDING"},{"fieldPath":"likesCount","order":"DESCENDING"},{"fieldPath":"__name__","order":"DESCENDING"}],"state":"READY","density":"SPARSE_ALL"},{"name":"projects/nightmare-9a1a0/databases/(default)/collectionGroups/user_history/indexes/CICAgJj7z4EK","queryScope":"COLLECTION","fields":[{"fieldPath":"userId","order":"ASCENDING"},{"fieldPath":"viewedAt","order":"DESCENDING"},{"fieldPath":"__name__","order":"DESCENDING"}],"state":"READY","density":"SPARSE_ALL"},{"name":"projects/nightmare-9a1a0/databases/(default)/collectionGroups/posts/indexes/CICAgNjpgYIK","queryScope":"COLLECTION","fields":[{"fieldPath":"status","order":"ASCENDING"},{"fieldPath":"tags","arrayConfig":"CONTAINS"},{"fieldPath":"createdAt","order":"DESCENDING"},{"fieldPath":"__name__","order":"DESCENDING"}],"state":"READY","density":"SPARSE_ALL"},{"name":"projects/nightmare-9a1a0/databases/(default)/collectionGroups/user_bookmarks/indexes/CICAgJjF9oIK","queryScope":"COLLECTION","fields":[{"fieldPath":"userId","order":"ASCENDING"},{"fieldPath":"createdAt","order":"DESCENDING"},{"fieldPath":"__name__","order":"DESCENDING"}],"state":"READY","density":"SPARSE_ALL"},{"name":"projects/nightmare-9a1a0/databases/(default)/collectionGroups/posts/indexes/CICAgJiUpoMK","queryScope":"COLLECTION","fields":[{"fieldPath":"status","order":"ASCENDING"},{"fieldPath":"type","order":"ASCENDING"},{"fieldPath":"createdAt","order":"DESCENDING"},{"fieldPath":"__name__","order":"DESCENDING"}],"state":"READY","density":"SPARSE_ALL"},{"name":"projects/nightmare-9a1a0/databases/(default)/collectionGroups/posts/indexes/CICAgNi47oMK","queryScope":"COLLECTION","fields":[{"fieldPath":"status","order":"ASCENDING"},{"fieldPath":"createdAt","order":"DESCENDING"},{"fieldPath":"__name__","order":"DESCENDING"}],"state":"READY","density":"SPARSE_ALL"},{"name":"projects/nightmare-9a1a0/databases/(default)/collectionGroups/reports/indexes/CICAgOi39IkK","queryScope":"COLLECTION","fields":[{"fieldPath":"status","order":"ASCENDING"},{"fieldPath":"createdAt","order":"DESCENDING"},{"fieldPath":"__name__","order":"DESCENDING"}],"state":"READY","density":"SPARSE_ALL"},{"name":"projects/nightmare-9a1a0/databases/(default)/collectionGroups/user_submissions/indexes/CICAgOi3kJAK","queryScope":"COLLECTION","fields":[{"fieldPath":"uid","order":"ASCENDING"},{"fieldPath":"createdAt","order":"DESCENDING"},{"fieldPath":"__name__","order":"DESCENDING"}],"state":"READY","density":"SPARSE_ALL"},{"name":"projects/nightmare-9a1a0/databases/(default)/collectionGroups/posts/indexes/CICAgJiH2JAK","queryScope":"COLLECTION","fields":[{"fieldPath":"status","order":"ASCENDING"},{"fieldPath":"views","order":"DESCENDING"},{"fieldPath":"__name__","order":"DESCENDING"}],"state":"READY","density":"SPARSE_ALL"},{"name":"projects/nightmare-9a1a0/databases/(default)/collectionGroups/comments/indexes/CICAgJiUsZIK","queryScope":"COLLECTION","fields":[{"fieldPath":"contentId","order":"ASCENDING"},{"fieldPath":"status","order":"ASCENDING"},{"fieldPath":"createdAt","order":"DESCENDING"},{"fieldPath":"__name__","order":"DESCENDING"}],"state":"READY","density":"SPARSE_ALL"},{"name":"projects/nightmare-9a1a0/databases/(default)/collectionGroups/posts/indexes/CICAgJiHlpgK","queryScope":"COLLECTION","fields":[{"fieldPath":"status","order":"ASCENDING"},{"fieldPath":"createdAt","order":"DESCENDING"},{"fieldPath":"likesCount","order":"DESCENDING"},{"fieldPath":"views","order":"DESCENDING"},{"fieldPath":"__name__","order":"DESCENDING"}],"state":"READY","density":"SPARSE_ALL"},{"name":"projects/nightmare-9a1a0/databases/(default)/collectionGroups/posts/indexes/CICAgJim14AL","queryScope":"COLLECTION","fields":[{"fieldPath":"authorUid","order":"ASCENDING"},{"fieldPath":"status","order":"ASCENDING"},{"fieldPath":"createdAt","order":"DESCENDING"},{"fieldPath":"__name__","order":"DESCENDING"}],"state":"READY","density":"SPARSE_ALL"}]}
[debug] [2026-08-19T15:43:34.338Z] Checked if tokens are valid: true, expires at: 1787157511221
[debug] [2026-08-19T15:43:34.338Z] Checked if tokens are valid: true, expires at: 1787157511221
[debug] [2026-08-19T15:43:34.338Z] >>> [apiv2][query] GET https://firestore.googleapis.com/v1/projects/nightmare-9a1a0/databases/(default)/collectionGroups/-/fields?filter=indexConfig.usesAncestorConfig=false OR ttlConfig:* [none]
[debug] [2026-08-19T15:43:34.472Z] <<< [apiv2][status] GET https://firestore.googleapis.com/v1/projects/nightmare-9a1a0/databases/(default)/collectionGroups/-/fields?filter=indexConfig.usesAncestorConfig=false OR ttlConfig:* 200
[debug] [2026-08-19T15:43:34.472Z] <<< [apiv2][body] GET https://firestore.googleapis.com/v1/projects/nightmare-9a1a0/databases/(default)/collectionGroups/-/fields?filter=indexConfig.usesAncestorConfig=false OR ttlConfig:* {"fields":[{"name":"projects/nightmare-9a1a0/databases/(default)/collectionGroups/__default__/fields/*","indexConfig":{"indexes":[{"queryScope":"COLLECTION","fields":[{"fieldPath":"*","order":"ASCENDING"}],"state":"READY"},{"queryScope":"COLLECTION","fields":[{"fieldPath":"*","order":"DESCENDING"}],"state":"READY"},{"queryScope":"COLLECTION","fields":[{"fieldPath":"*","arrayConfig":"CONTAINS"}],"state":"READY"}]}}]}
[info] i  firestore: The following indexes are defined in your project but are not present in your firestore indexes file:
	(posts) -- (status,ASCENDING) (createdAt,DESCENDING) 
	(comments) -- (contentId,ASCENDING) (status,ASCENDING) (createdAt,DESCENDING)  
[debug] [2026-08-19T15:45:15.581Z] ExitPromptError: User force closed the prompt with SIGINT
    at Interface.sigint (C:\Users\ok\AppData\Roaming\npm\node_modules\firebase-tools\node_modules\@inquirer\core\dist\commonjs\lib\create-prompt.js:101:37)
    at Interface.emit (node:events:518:28)
    at Interface.emit (node:domain:489:12)
    at [_ttyWrite] [as _ttyWrite] (node:internal/readline/interface:1124:18)
    at ReadStream.onkeypress (node:internal/readline/interface:263:20)
    at ReadStream.emit (node:events:530:35)
    at ReadStream.emit (node:domain:489:12)
    at emitKeys (node:internal/readline/utils:370:14)
    at emitKeys.next (<anonymous>)
    at ReadStream.onData (node:internal/readline/emitKeypressEvents:64:36)
[error] 
[error] Error: An unexpected error has occurred.
